<?xml version="1.0" encoding="UTF-8"?>
<testsuites name="bun test" tests="2" assertions="3" failures="1" skipped="0" time="0.126134">
  <testsuite name="tests/folder.service.test.ts" file="tests/folder.service.test.ts" tests="1" assertions="1" failures="0" skipped="0" time="0" hostname="MacBook-Pro-CTO.local">
    <testcase name="FolderService exists" classname="" time="0.000721" file="tests/folder.service.test.ts" line="4" assertions="1" />
  </testsuite>
  <testsuite name="tests/e2e.server.test.ts" file="tests/e2e.server.test.ts" tests="1" assertions="2" failures="1" skipped="0" time="0.031" hostname="MacBook-Pro-CTO.local">
    <testcase name="GET /api/v1/tree returns JSON array" classname="" time="0.031086" file="tests/e2e.server.test.ts" line="29" assertions="2">
      <failure type="AssertionError" />
    </testcase>
  </testsuite>
</testsuites>
